/home/mareola/Desktop/Tech/Software_Engineering/Cloud_Engineering/ALT_School_Africa/ALT_School_Repo/01_Second-Semester/00_Bash-Scripting/01_cron_tab
               total        used        free      shared  buff/cache   available
Mem:           7.6Gi       2.3Gi       4.2Gi       464Mi       1.9Gi       5.3Gi
Swap:          8.0Gi       978Mi       7.0Gi
/home/mareola
               total        used        free      shared  buff/cache   available
Mem:           7.6Gi       2.3Gi       4.2Gi       438Mi       2.0Gi       5.4Gi
Swap:          8.0Gi       878Mi       7.1Gi
/home/mareola
               total        used        free      shared  buff/cache   available
Mem:           7.6Gi       2.3Gi       4.2Gi       465Mi       2.0Gi       5.3Gi
Swap:          8.0Gi       878Mi       7.1Gi
/home/mareola
               total        used        free      shared  buff/cache   available
Mem:           7.6Gi       2.4Gi       4.1Gi       457Mi       2.0Gi       5.3Gi
Swap:          8.0Gi       878Mi       7.1Gi
/home/mareola
               total        used        free      shared  buff/cache   available
Mem:           7.6Gi       2.4Gi       4.2Gi       451Mi       2.0Gi       5.3Gi
Swap:          8.0Gi       878Mi       7.1Gi
/home/mareola
               total        used        free      shared  buff/cache   available
Mem:           7.6Gi       2.3Gi       4.2Gi       440Mi       2.0Gi       5.3Gi
Swap:          8.0Gi       878Mi       7.1Gi
/home/mareola
               total        used        free      shared  buff/cache   available
Mem:           7.6Gi       2.3Gi       4.2Gi       440Mi       2.0Gi       5.3Gi
Swap:          8.0Gi       878Mi       7.1Gi
/home/mareola
               total        used        free      shared  buff/cache   available
Mem:           7.6Gi       2.3Gi       4.3Gi       425Mi       2.0Gi       5.4Gi
Swap:          8.0Gi       878Mi       7.1Gi
/home/mareola
               total        used        free      shared  buff/cache   available
Mem:           7.6Gi       2.4Gi       4.1Gi       466Mi       2.0Gi       5.2Gi
Swap:          8.0Gi       878Mi       7.1Gi
/home/mareola
               total        used        free      shared  buff/cache   available
Mem:           7.6Gi       2.3Gi       4.2Gi       447Mi       2.0Gi       5.3Gi
Swap:          8.0Gi       878Mi       7.1Gi
/home/mareola
               total        used        free      shared  buff/cache   available
Mem:           7.6Gi       2.5Gi       4.0Gi       480Mi       2.0Gi       5.1Gi
Swap:          8.0Gi       878Mi       7.1Gi
/home/mareola
               total        used        free      shared  buff/cache   available
Mem:           7.6Gi       2.5Gi       4.0Gi       460Mi       2.0Gi       5.2Gi
Swap:          8.0Gi       877Mi       7.1Gi
               total        used        free      shared  buff/cache   available
Mem:           7.6Gi       2.3Gi       4.2Gi       467Mi       2.0Gi       5.3Gi
Swap:          8.0Gi       877Mi       7.1Gi
               total        used        free      shared  buff/cache   available
Mem:           7.6Gi       2.4Gi       4.2Gi       466Mi       2.0Gi       5.3Gi
Swap:          8.0Gi       877Mi       7.1Gi
               total        used        free      shared  buff/cache   available
Mem:           7.6Gi       2.3Gi       4.2Gi       459Mi       2.0Gi       5.3Gi
Swap:          8.0Gi       877Mi       7.1Gi
               total        used        free      shared  buff/cache   available
Mem:           7.6Gi       2.3Gi       4.2Gi       466Mi       2.0Gi       5.3Gi
Swap:          8.0Gi       877Mi       7.1Gi
               total        used        free      shared  buff/cache   available
Mem:           7.6Gi       2.3Gi       4.2Gi       450Mi       2.0Gi       5.3Gi
Swap:          8.0Gi       877Mi       7.1Gi
               total        used        free      shared  buff/cache   available
Mem:           7.6Gi       2.3Gi       4.2Gi       444Mi       2.0Gi       5.3Gi
Swap:          8.0Gi       877Mi       7.1Gi
               total        used        free      shared  buff/cache   available
Mem:           7.6Gi       2.4Gi       4.1Gi       469Mi       2.0Gi       5.2Gi
Swap:          8.0Gi       877Mi       7.1Gi
